MPLINK 4.49, Linker
Linker Map File - Created Mon Apr 22 20:01:00 2024

                                 Section Info
                  Section       Type    Address   Location Size(Bytes)
                ---------  ---------  ---------  ---------  ---------
                   .org_0       code   0x000000    program   0x000002
                   .cinit    romdata   0x000001    program   0x000004
                   .org_1       code   0x000004    program   0x000054



                              Program Memory Usage 
                               Start         End      
                           ---------   ---------      
                            0x000000    0x000002      
                            0x000004    0x00002d      
            45 out of 8454 program addresses used, program memory utilization is 0%



                              Symbols - Sorted by Name
                     Name    Address   Location    Storage File                     
                ---------  ---------  ---------  --------- ---------                
                     MAIN   0x000012    program     static C:\Users\DELL 2\Desktop\kiet1\timer1-led.asm
                     NGAT   0x000005    program     static C:\Users\DELL 2\Desktop\kiet1\timer1-led.asm
                 VONG_LAP   0x00002d    program     static C:\Users\DELL 2\Desktop\kiet1\timer1-led.asm



                              Symbols - Sorted by Address
                     Name    Address   Location    Storage File                     
                ---------  ---------  ---------  --------- ---------                
                     NGAT   0x000005    program     static C:\Users\DELL 2\Desktop\kiet1\timer1-led.asm
                     MAIN   0x000012    program     static C:\Users\DELL 2\Desktop\kiet1\timer1-led.asm
                 VONG_LAP   0x00002d    program     static C:\Users\DELL 2\Desktop\kiet1\timer1-led.asm


