MPLINK 5.00, LINKER
Linker Map File - Created Wed Jun 19 17:16:50 2024

                                 Section Info
                  Section       Type    Address   Location Size(Bytes)
                ---------  ---------  ---------  ---------  ---------
                   .org_0       code   0x000000    program   0x00007a
                   .cinit    romdata   0x00003d    program   0x000004
.config_2007_BUILD/DEFAULT/PRODUCTION/NEWASMT       code   0x002007    program   0x000002



                              Program Memory Usage 
                               Start         End      
                           ---------   ---------      
                            0x000000    0x00003e      
                            0x002007    0x002007      
            64 out of 8454 program addresses used, program memory utilization is 0%



                              Symbols - Sorted by Name
                     Name    Address   Location    Storage File                     
                ---------  ---------  ---------  --------- ---------                
                    DELAY   0x000038    program     static C:\Users\Admin\MPLABXProjects\00-99.X\newAsmTemplate.asm
                 HIEN_THI   0x00001b    program     static C:\Users\Admin\MPLABXProjects\00-99.X\newAsmTemplate.asm
            HIEN_THI_7SEG   0x000015    program     static C:\Users\Admin\MPLABXProjects\00-99.X\newAsmTemplate.asm
                     LOOP   0x000007    program     static C:\Users\Admin\MPLABXProjects\00-99.X\newAsmTemplate.asm
                    LOOP1   0x000008    program     static C:\Users\Admin\MPLABXProjects\00-99.X\newAsmTemplate.asm
                     MAIN   0x000006    program     static C:\Users\Admin\MPLABXProjects\00-99.X\newAsmTemplate.asm
                  MANG_MA   0x00002d    program     static C:\Users\Admin\MPLABXProjects\00-99.X\newAsmTemplate.asm
              MA_LED_7SEG   0x000026    program     static C:\Users\Admin\MPLABXProjects\00-99.X\newAsmTemplate.asm
             _.org_0_0019   0x000019    program     static C:\Users\Admin\MPLABXProjects\00-99.X\newAsmTemplate.asm
             _.org_0_003B   0x00003b    program     static C:\Users\Admin\MPLABXProjects\00-99.X\newAsmTemplate.asm



                              Symbols - Sorted by Address
                     Name    Address   Location    Storage File                     
                ---------  ---------  ---------  --------- ---------                
                     MAIN   0x000006    program     static C:\Users\Admin\MPLABXProjects\00-99.X\newAsmTemplate.asm
                     LOOP   0x000007    program     static C:\Users\Admin\MPLABXProjects\00-99.X\newAsmTemplate.asm
                    LOOP1   0x000008    program     static C:\Users\Admin\MPLABXProjects\00-99.X\newAsmTemplate.asm
            HIEN_THI_7SEG   0x000015    program     static C:\Users\Admin\MPLABXProjects\00-99.X\newAsmTemplate.asm
             _.org_0_0019   0x000019    program     static C:\Users\Admin\MPLABXProjects\00-99.X\newAsmTemplate.asm
                 HIEN_THI   0x00001b    program     static C:\Users\Admin\MPLABXProjects\00-99.X\newAsmTemplate.asm
              MA_LED_7SEG   0x000026    program     static C:\Users\Admin\MPLABXProjects\00-99.X\newAsmTemplate.asm
                  MANG_MA   0x00002d    program     static C:\Users\Admin\MPLABXProjects\00-99.X\newAsmTemplate.asm
                    DELAY   0x000038    program     static C:\Users\Admin\MPLABXProjects\00-99.X\newAsmTemplate.asm
             _.org_0_003B   0x00003b    program     static C:\Users\Admin\MPLABXProjects\00-99.X\newAsmTemplate.asm


