MPLINK 4.49, Linker
Linker Map File - Created Thu Jun 13 22:36:22 2024

                                 Section Info
                  Section       Type    Address   Location Size(Bytes)
                ---------  ---------  ---------  ---------  ---------
                   .org_0       code   0x000000    program   0x000050
                   .cinit    romdata   0x000028    program   0x000004



                              Program Memory Usage 
                               Start         End      
                           ---------   ---------      
                            0x000000    0x000029      
            42 out of 8454 program addresses used, program memory utilization is 0%



                              Symbols - Sorted by Name
                     Name    Address   Location    Storage File                     
                ---------  ---------  ---------  --------- ---------                
                    DELAY   0x00001f    program     static C:\Users\NDC\Downloads\Duy Tan\LED 0-9\led1.asm
               DELAY_LOOP   0x000021    program     static C:\Users\NDC\Downloads\Duy Tan\LED 0-9\led1.asm
              DELAY_LOOP1   0x000023    program     static C:\Users\NDC\Downloads\Duy Tan\LED 0-9\led1.asm
                     LOOP   0x000009    program     static C:\Users\NDC\Downloads\Duy Tan\LED 0-9\led1.asm
                 LOOP_END   0x000013    program     static C:\Users\NDC\Downloads\Duy Tan\LED 0-9\led1.asm
                     MAIN   0x000001    program     static C:\Users\NDC\Downloads\Duy Tan\LED 0-9\led1.asm
                  MANG_MA   0x000014    program     static C:\Users\NDC\Downloads\Duy Tan\LED 0-9\led1.asm



                              Symbols - Sorted by Address
                     Name    Address   Location    Storage File                     
                ---------  ---------  ---------  --------- ---------                
                     MAIN   0x000001    program     static C:\Users\NDC\Downloads\Duy Tan\LED 0-9\led1.asm
                     LOOP   0x000009    program     static C:\Users\NDC\Downloads\Duy Tan\LED 0-9\led1.asm
                 LOOP_END   0x000013    program     static C:\Users\NDC\Downloads\Duy Tan\LED 0-9\led1.asm
                  MANG_MA   0x000014    program     static C:\Users\NDC\Downloads\Duy Tan\LED 0-9\led1.asm
                    DELAY   0x00001f    program     static C:\Users\NDC\Downloads\Duy Tan\LED 0-9\led1.asm
               DELAY_LOOP   0x000021    program     static C:\Users\NDC\Downloads\Duy Tan\LED 0-9\led1.asm
              DELAY_LOOP1   0x000023    program     static C:\Users\NDC\Downloads\Duy Tan\LED 0-9\led1.asm


