MPLINK 4.49, Linker
Linker Map File - Created Thu Jun 13 22:34:52 2024

                                 Section Info
                  Section       Type    Address   Location Size(Bytes)
                ---------  ---------  ---------  ---------  ---------
                   .org_0       code   0x000000    program   0x000000
                   .org_1       code   0x000000    program   0x000154



                              Program Memory Usage 
                               Start         End      
                           ---------   ---------      
                            0x000000    0x0000a9      
            170 out of 8454 program addresses used, program memory utilization is 2%



                              Symbols - Sorted by Name
                     Name    Address   Location    Storage File                     
                ---------  ---------  ---------  --------- ---------                
             COMMAND_SEND   0x000057    program     static C:\Users\NDC\Downloads\Duy Tan\EEPROM\eeprom.asm
            COMMAND_WRITE   0x00004f    program     static C:\Users\NDC\Downloads\Duy Tan\EEPROM\eeprom.asm
               DATA_WRITE   0x000061    program     static C:\Users\NDC\Downloads\Duy Tan\EEPROM\eeprom.asm
                    DELAY   0x00007f    program     static C:\Users\NDC\Downloads\Duy Tan\EEPROM\eeprom.asm
               DisplayRow   0x00002d    program     static C:\Users\NDC\Downloads\Duy Tan\EEPROM\eeprom.asm
           EEPROM_ADDRESS   0x000001    program     static C:\Users\NDC\Downloads\Duy Tan\EEPROM\eeprom.asm
              EEPROM_READ   0x000007    program     static C:\Users\NDC\Downloads\Duy Tan\EEPROM\eeprom.asm
             EEPROM_WRITE   0x000010    program     static C:\Users\NDC\Downloads\Duy Tan\EEPROM\eeprom.asm
              END_MESSAGE   0x00003e    program     static C:\Users\NDC\Downloads\Duy Tan\EEPROM\eeprom.asm
                  E_PULSE   0x000073    program     static C:\Users\NDC\Downloads\Duy Tan\EEPROM\eeprom.asm
     LCD_FIRST_ROW_OFFSET   0x000079    program     static C:\Users\NDC\Downloads\Duy Tan\EEPROM\eeprom.asm
                 LCD_INIT   0x000046    program     static C:\Users\NDC\Downloads\Duy Tan\EEPROM\eeprom.asm
           LCD_SECOND_ROW   0x000076    program     static C:\Users\NDC\Downloads\Duy Tan\EEPROM\eeprom.asm
    LCD_SECOND_ROW_OFFSET   0x00007c    program     static C:\Users\NDC\Downloads\Duy Tan\EEPROM\eeprom.asm
                    LOOP1   0x000081    program     static C:\Users\NDC\Downloads\Duy Tan\EEPROM\eeprom.asm
                    LOOP2   0x000083    program     static C:\Users\NDC\Downloads\Duy Tan\EEPROM\eeprom.asm
             MAIN_PROGRAM   0x00003f    program     static C:\Users\NDC\Downloads\Duy Tan\EEPROM\eeprom.asm
                  MESSAGE   0x000036    program     static C:\Users\NDC\Downloads\Duy Tan\EEPROM\eeprom.asm
                     ROW1   0x000088    program     static C:\Users\NDC\Downloads\Duy Tan\EEPROM\eeprom.asm
               SECOND_ROW   0x000035    program     static C:\Users\NDC\Downloads\Duy Tan\EEPROM\eeprom.asm
                SEND_DATA   0x000069    program     static C:\Users\NDC\Downloads\Duy Tan\EEPROM\eeprom.asm
              WriteEEPROM   0x000023    program     static C:\Users\NDC\Downloads\Duy Tan\EEPROM\eeprom.asm



                              Symbols - Sorted by Address
                     Name    Address   Location    Storage File                     
                ---------  ---------  ---------  --------- ---------                
           EEPROM_ADDRESS   0x000001    program     static C:\Users\NDC\Downloads\Duy Tan\EEPROM\eeprom.asm
              EEPROM_READ   0x000007    program     static C:\Users\NDC\Downloads\Duy Tan\EEPROM\eeprom.asm
             EEPROM_WRITE   0x000010    program     static C:\Users\NDC\Downloads\Duy Tan\EEPROM\eeprom.asm
              WriteEEPROM   0x000023    program     static C:\Users\NDC\Downloads\Duy Tan\EEPROM\eeprom.asm
               DisplayRow   0x00002d    program     static C:\Users\NDC\Downloads\Duy Tan\EEPROM\eeprom.asm
               SECOND_ROW   0x000035    program     static C:\Users\NDC\Downloads\Duy Tan\EEPROM\eeprom.asm
                  MESSAGE   0x000036    program     static C:\Users\NDC\Downloads\Duy Tan\EEPROM\eeprom.asm
              END_MESSAGE   0x00003e    program     static C:\Users\NDC\Downloads\Duy Tan\EEPROM\eeprom.asm
             MAIN_PROGRAM   0x00003f    program     static C:\Users\NDC\Downloads\Duy Tan\EEPROM\eeprom.asm
                 LCD_INIT   0x000046    program     static C:\Users\NDC\Downloads\Duy Tan\EEPROM\eeprom.asm
            COMMAND_WRITE   0x00004f    program     static C:\Users\NDC\Downloads\Duy Tan\EEPROM\eeprom.asm
             COMMAND_SEND   0x000057    program     static C:\Users\NDC\Downloads\Duy Tan\EEPROM\eeprom.asm
               DATA_WRITE   0x000061    program     static C:\Users\NDC\Downloads\Duy Tan\EEPROM\eeprom.asm
                SEND_DATA   0x000069    program     static C:\Users\NDC\Downloads\Duy Tan\EEPROM\eeprom.asm
                  E_PULSE   0x000073    program     static C:\Users\NDC\Downloads\Duy Tan\EEPROM\eeprom.asm
           LCD_SECOND_ROW   0x000076    program     static C:\Users\NDC\Downloads\Duy Tan\EEPROM\eeprom.asm
     LCD_FIRST_ROW_OFFSET   0x000079    program     static C:\Users\NDC\Downloads\Duy Tan\EEPROM\eeprom.asm
    LCD_SECOND_ROW_OFFSET   0x00007c    program     static C:\Users\NDC\Downloads\Duy Tan\EEPROM\eeprom.asm
                    DELAY   0x00007f    program     static C:\Users\NDC\Downloads\Duy Tan\EEPROM\eeprom.asm
                    LOOP1   0x000081    program     static C:\Users\NDC\Downloads\Duy Tan\EEPROM\eeprom.asm
                    LOOP2   0x000083    program     static C:\Users\NDC\Downloads\Duy Tan\EEPROM\eeprom.asm
                     ROW1   0x000088    program     static C:\Users\NDC\Downloads\Duy Tan\EEPROM\eeprom.asm


