MPLINK 4.49, Linker
Linker Map File - Created Thu Jun 13 21:53:13 2024

                                 Section Info
                  Section       Type    Address   Location Size(Bytes)
                ---------  ---------  ---------  ---------  ---------
                   .org_0       code   0x000000    program   0x000000
                   .org_1       code   0x000000    program   0x000002
                   .org_2       code   0x000004    program   0x000044



                              Program Memory Usage 
                               Start         End      
                           ---------   ---------      
                            0x000000    0x000000      
                            0x000004    0x000025      
            35 out of 8454 program addresses used, program memory utilization is 0%



                              Symbols - Sorted by Name
                     Name    Address   Location    Storage File                     
                ---------  ---------  ---------  --------- ---------                
               anaprogram   0x000005    program     static C:\Users\PC DELL\Videos\RB0 Kesmesi\dos.asm
                    delay   0x00001a    program     static C:\Users\PC DELL\Videos\RB0 Kesmesi\dos.asm
                      int   0x000014    program     static C:\Users\PC DELL\Videos\RB0 Kesmesi\dos.asm
                    loop0   0x00001b    program     static C:\Users\PC DELL\Videos\RB0 Kesmesi\dos.asm
                    loop1   0x00001d    program     static C:\Users\PC DELL\Videos\RB0 Kesmesi\dos.asm
                    loop2   0x00001f    program     static C:\Users\PC DELL\Videos\RB0 Kesmesi\dos.asm



                              Symbols - Sorted by Address
                     Name    Address   Location    Storage File                     
                ---------  ---------  ---------  --------- ---------                
               anaprogram   0x000005    program     static C:\Users\PC DELL\Videos\RB0 Kesmesi\dos.asm
                      int   0x000014    program     static C:\Users\PC DELL\Videos\RB0 Kesmesi\dos.asm
                    delay   0x00001a    program     static C:\Users\PC DELL\Videos\RB0 Kesmesi\dos.asm
                    loop0   0x00001b    program     static C:\Users\PC DELL\Videos\RB0 Kesmesi\dos.asm
                    loop1   0x00001d    program     static C:\Users\PC DELL\Videos\RB0 Kesmesi\dos.asm
                    loop2   0x00001f    program     static C:\Users\PC DELL\Videos\RB0 Kesmesi\dos.asm


